// Jest Snapshot v1, https://goo.gl/fbAQLP

exports[`Render test renders correctly 1`] = `
<button
  className="sc-bdnylx sc-gtssRu jayiDO ZgWam"
  onBlur={[Function]}
  onClick={[Function]}
  onFocus={[Function]}
  onMouseEnter={[Function]}
  onMouseLeave={[Function]}
>
  Avaliar
</button>
`;

exports[`Render test renders correctly 2`] = `
<button
  className="sc-bdnylx sc-gtssRu jayiDO ZgWam"
  onBlur={[Function]}
  onClick={[Function]}
  onFocus={[Function]}
  onMouseEnter={[Function]}
  onMouseLeave={[Function]}
>
  Avaliar
</button>
`;
